// Jest Snapshot v1, https://goo.gl/fbAQLP

exports[`actions should create an action to expand 1`] = `
Object {
  "type": "EXPAND",
}
`;
