// Jest Snapshot v1, https://goo.gl/fbAQLP

exports[`page reducer should return the initial state 1`] = `0`;
