// Jest Snapshot v1, https://goo.gl/fbAQLP

exports[`tabreducer should return the correct state 1`] = `undefined`;
